   218.9ms (setup:1347): 2026-07-31 04:02:57
   219.0ms (setup:1348): D:\devEnv\anaconda3\Lib\site-packages\pipx\__main__.py install --force D:\soft\code\OpenGit\novel-generator\longform-novel-engine\70_runtime\release\v0.3.0\dist\longform_novel_engine-0.3.0-py3-none-any.whl[semantic]
   219.1ms (setup:1349): pipx version is 1.15.0
   219.1ms (setup:1350): Default python interpreter is 'D:\devEnv\anaconda3\python.exe'
   219.3ms (mkdir:72): creating directory D:\soft\code\OpenGit\novel-generator\longform-novel-engine\70_runtime\release\v0.3.0\pipx-home\venvs
   219.6ms (mkdir:72): creating directory D:\soft\code\OpenGit\novel-generator\longform-novel-engine\70_runtime\release\v0.3.0\pipx-bin
   220.5ms (mkdir:72): creating directory D:\soft\code\OpenGit\novel-generator\longform-novel-engine\70_runtime\release\v0.3.0\pipx-home\.cache
   220.8ms (mkdir:72): creating directory D:\soft\code\OpenGit\novel-generator\longform-novel-engine\70_runtime\release\v0.3.0\pipx-home\py
   221.1ms (setup:1364): Adding CACHEDIR.TAG to cache directory
   221.4ms (setup:1364): Adding CACHEDIR.TAG to cache directory
   243.1ms (_validate_backend_available:309): Backend resolved to uv (source: auto-bundled)
   244.5ms (_parsed_package_to_package_or_url:138): cleaned package spec: D:\soft\code\OpenGit\novel-generator\longform-novel-engine\70_runtime\release\v0.3.0\dist\longform_novel_engine-0.3.0-py3-none-any.whl[semantic]
   246.0ms (create_venv:250): Creating virtual environment
   260.7ms (__init__:59): using bundled uv 0.9.5 from D:\devEnv\anaconda3\Scripts\uv.exe
   260.9ms (run_subprocess:182): running D:\devEnv\anaconda3\Scripts\uv.exe venv --python D:\devEnv\anaconda3\python.exe --quiet C:\Users\wwwab\AppData\Local\Temp\tmph83m1nm_
   305.0ms (run_subprocess:207): stdout:
   305.1ms (run_subprocess:209): stderr:
   305.2ms (run_subprocess:210): returncode: 0
   305.4ms (run_subprocess:182): running C:\Users\wwwab\AppData\Local\Temp\tmph83m1nm_\Scripts\python.exe --version
   407.1ms (run_subprocess:207): stdout: Python 3.13.5
   407.2ms (run_subprocess:209): stderr:
   407.2ms (run_subprocess:210): returncode: 0
   407.5ms (run_subprocess:182): running D:\devEnv\anaconda3\Scripts\uv.exe pip list --python C:\Users\wwwab\AppData\Local\Temp\tmph83m1nm_\Scripts\python.exe --quiet --format json
   587.9ms (run_subprocess:207): stdout: []
   588.1ms (run_subprocess:209): stderr:
   588.2ms (run_subprocess:210): returncode: 0
   588.3ms (run_subprocess:182): running D:\devEnv\anaconda3\Scripts\uv.exe pip install --python C:\Users\wwwab\AppData\Local\Temp\tmph83m1nm_\Scripts\python.exe --quiet --no-deps D:\soft\code\OpenGit\novel-generator\longform-novel-engine\70_runtime\release\v0.3.0\dist\longform_novel_engine-0.3.0-py3-none-any.whl[semantic]
   742.0ms (run_subprocess:207): stdout:
   742.1ms (run_subprocess:209): stderr:
   742.1ms (run_subprocess:210): returncode: 0
   742.2ms (run_subprocess:182): running D:\devEnv\anaconda3\Scripts\uv.exe pip list --python C:\Users\wwwab\AppData\Local\Temp\tmph83m1nm_\Scripts\python.exe --quiet --format json
   778.3ms (run_subprocess:207): stdout: [{"name":"longform-novel-engine","version":"0.3.0"}]
   778.5ms (run_subprocess:209): stderr:
   778.5ms (run_subprocess:210): returncode: 0
   778.6ms (install_package_no_deps:408): Determined package name: longform-novel-engine
   800.1ms (package_name_from_spec:421): Package name determined in 0.6s
   800.8ms (create_venv:250): Creating virtual environment
   800.9ms (run_subprocess:182): running D:\devEnv\anaconda3\Scripts\uv.exe venv --python D:\devEnv\anaconda3\python.exe --quiet D:\soft\code\OpenGit\novel-generator\longform-novel-engine\70_runtime\release\v0.3.0\pipx-home\venvs\longform-novel-engine
   829.0ms (run_subprocess:207): stdout:
   829.2ms (run_subprocess:209): stderr:
   829.3ms (run_subprocess:210): returncode: 0
   829.5ms (run_subprocess:182): running D:\soft\code\OpenGit\novel-generator\longform-novel-engine\70_runtime\release\v0.3.0\pipx-home\venvs\longform-novel-engine\Scripts\python.exe --version
   981.9ms (run_subprocess:207): stdout: Python 3.13.5
   982.0ms (run_subprocess:209): stderr:
   982.0ms (run_subprocess:210): returncode: 0
   982.4ms (_parsed_package_to_package_or_url:138): cleaned package spec: D:\soft\code\OpenGit\novel-generator\longform-novel-engine\70_runtime\release\v0.3.0\dist\longform_novel_engine-0.3.0-py3-none-any.whl[semantic]
   982.5ms (install_package:336): Installing longform-novel-engine from spec 'D:\\soft\\code\\OpenGit\\novel-generator\\longform-novel-engine\\70_runtime\\release\\v0.3.0\\dist\\longform_novel_engine-0.3.0-py3-none-any.whl[semantic]'
   982.7ms (run_subprocess:182): running D:\devEnv\anaconda3\Scripts\uv.exe pip install --python D:\soft\code\OpenGit\novel-generator\longform-novel-engine\70_runtime\release\v0.3.0\pipx-home\venvs\longform-novel-engine\Scripts\python.exe --quiet D:\soft\code\OpenGit\novel-generator\longform-novel-engine\70_runtime\release\v0.3.0\dist\longform_novel_engine-0.3.0-py3-none-any.whl[semantic]
 49469.0ms (run_subprocess:210): returncode: 0
 49470.1ms (run_subprocess:182): running <fetch_info_in_venv commands>
 49608.6ms (run_subprocess:207): stdout: {"sys_path": ["D:\\devEnv\\anaconda3\\python313.zip", "D:\\devEnv\\anaconda3\\DLLs", "D:\\devEnv\\anaconda3\\Lib", "D:\\devEnv\\anaconda3", "D:\\soft\\code\\OpenGit\\novel-generator\\longform-novel-engine\\70_runtime\\release\\v0.3.0\\pipx-home\\venvs\\longform-novel-engine", "D:\\soft\\code\\OpenGit\\novel-generator\\longform-novel-engine\\70_runtime\\release\\v0.3.0\\pipx-home\\venvs\\longform-novel-engine\\Lib\\site-packages"], "python_version": "3.13.5", "environment": {"implementation_name": "cpython", "implementation_version": "3.13.5", "os_name": "nt", "platform_machine": "AMD64", "platform_release": "11", "platform_system": "Windows", "platform_version": "10.0.26200", "python_full_version": "3.13.5", "platform_python_implementation": "CPython", "python_version": "3.13", "sys_platform": "win32"}}
 49608.8ms (run_subprocess:210): returncode: 0
 54719.3ms (get_venv_metadata_for_package:424): get_venv_metadata_for_package: 5249ms
 54721.0ms (_parsed_package_to_package_or_url:138): cleaned package spec: D:\soft\code\OpenGit\novel-generator\longform-novel-engine\70_runtime\release\v0.3.0\dist\longform_novel_engine-0.3.0-py3-none-any.whl[semantic]
 54798.3ms (warn_if_not_on_path:507): Note: 'D:\soft\code\OpenGit\novel-generator\longform-novel-engine\70_runtime\r
    elease\v0.3.0\pipx-bin' is not on your PATH environment variable. These
    apps will not be globally accessible until your PATH is updated. Run `pipx
    ensurepath` to automatically add it, or manually modify your PATH in your
    shell's config file (e.g. ~/.bashrc).
 54798.6ms (cli:1449): pipx finished.
